[0.700s] Invoking command in '/home/lakindu/arduinobot_ws/build/arduinobot_py': DEBUGINFOD_URLS=https://debuginfod.ubuntu.com PYTHONPATH=/home/lakindu/arduinobot_ws/build/arduinobot_py/prefix_override:/usr/lib/python3/dist-packages/colcon_core/task/python/colcon_distutils_commands:/home/lakindu/arduinobot_ws/install/arduinobot_py/lib/python3.14/site-packages:${PYTHONPATH} /usr/bin/python3 -W ignore:setup.py install is deprecated -W ignore:easy_install command is deprecated setup.py develop --editable --build-directory /home/lakindu/arduinobot_ws/build/arduinobot_py/build --no-deps symlink_data --force
[0.896s] running develop
[1.005s] running egg_info
[1.016s] writing arduinobot_py.egg-info/PKG-INFO
[1.017s] writing dependency_links to arduinobot_py.egg-info/dependency_links.txt
[1.017s] writing entry points to arduinobot_py.egg-info/entry_points.txt
[1.017s] writing requirements to arduinobot_py.egg-info/requires.txt
[1.017s] writing top-level names to arduinobot_py.egg-info/top_level.txt
[1.042s] reading manifest file 'arduinobot_py.egg-info/SOURCES.txt'
[1.042s] writing manifest file 'arduinobot_py.egg-info/SOURCES.txt'
[1.055s] running build_ext
[1.055s] Creating /home/lakindu/arduinobot_ws/install/arduinobot_py/lib/python3.14/site-packages/arduinobot-py.egg-link (link to .)
[1.055s] Installing simple_publisher script to /home/lakindu/arduinobot_ws/install/arduinobot_py/lib/arduinobot_py
[1.055s] Installing simple_subscriber script to /home/lakindu/arduinobot_ws/install/arduinobot_py/lib/arduinobot_py
[1.055s] 
[1.056s] Installed /home/lakindu/arduinobot_ws/build/arduinobot_py
[1.056s] running symlink_data
[1.056s] symbolically linking /home/lakindu/arduinobot_ws/build/arduinobot_py/resource/arduinobot_py -> /home/lakindu/arduinobot_ws/install/arduinobot_py/share/ament_index/resource_index/packages
[1.056s] symbolically linking /home/lakindu/arduinobot_ws/build/arduinobot_py/package.xml -> /home/lakindu/arduinobot_ws/install/arduinobot_py/share/arduinobot_py
[1.079s] Invoked command in '/home/lakindu/arduinobot_ws/build/arduinobot_py' returned '0': DEBUGINFOD_URLS=https://debuginfod.ubuntu.com PYTHONPATH=/home/lakindu/arduinobot_ws/build/arduinobot_py/prefix_override:/usr/lib/python3/dist-packages/colcon_core/task/python/colcon_distutils_commands:/home/lakindu/arduinobot_ws/install/arduinobot_py/lib/python3.14/site-packages:${PYTHONPATH} /usr/bin/python3 -W ignore:setup.py install is deprecated -W ignore:easy_install command is deprecated setup.py develop --editable --build-directory /home/lakindu/arduinobot_ws/build/arduinobot_py/build --no-deps symlink_data --force
