[0.478s] Invoking command in '/home/lakindu/arduinobot_ws/src/arduinobot': DEBUGINFOD_URLS=https://debuginfod.ubuntu.com PYTHONPATH=/home/lakindu/arduinobot_ws/build/arduinobot/prefix_override:/usr/lib/python3/dist-packages/colcon_core/task/python/colcon_distutils_commands:/home/lakindu/arduinobot_ws/install/arduinobot/lib/python3.14/site-packages:${PYTHONPATH} /usr/bin/python3 -W ignore:setup.py install is deprecated -W ignore:easy_install command is deprecated setup.py egg_info --egg-base ../../build/arduinobot build --build-base /home/lakindu/arduinobot_ws/build/arduinobot/build install --record /home/lakindu/arduinobot_ws/build/arduinobot/install.log --install-scripts $base/lib/arduinobot --single-version-externally-managed install_data
[0.662s] running egg_info
[0.673s] writing ../../build/arduinobot/arduinobot.egg-info/PKG-INFO
[0.674s] writing dependency_links to ../../build/arduinobot/arduinobot.egg-info/dependency_links.txt
[0.674s] writing entry points to ../../build/arduinobot/arduinobot.egg-info/entry_points.txt
[0.674s] writing requirements to ../../build/arduinobot/arduinobot.egg-info/requires.txt
[0.674s] writing top-level names to ../../build/arduinobot/arduinobot.egg-info/top_level.txt
[0.698s] reading manifest file '../../build/arduinobot/arduinobot.egg-info/SOURCES.txt'
[0.699s] writing manifest file '../../build/arduinobot/arduinobot.egg-info/SOURCES.txt'
[0.699s] running build
[0.699s] running build_py
[0.699s] copying arduinobot/simple_subscriber.py -> /home/lakindu/arduinobot_ws/build/arduinobot/build/lib/arduinobot
[0.699s] copying arduinobot/__init__.py -> /home/lakindu/arduinobot_ws/build/arduinobot/build/lib/arduinobot
[0.699s] copying arduinobot/simple_publisher.py -> /home/lakindu/arduinobot_ws/build/arduinobot/build/lib/arduinobot
[0.700s] running install
[0.702s] running install_lib
[0.714s] running install_data
[0.714s] copying resource/arduinobot -> /home/lakindu/arduinobot_ws/install/arduinobot/share/ament_index/resource_index/packages
[0.715s] copying package.xml -> /home/lakindu/arduinobot_ws/install/arduinobot/share/arduinobot
[0.715s] running install_egg_info
[0.726s] removing '/home/lakindu/arduinobot_ws/install/arduinobot/lib/python3.14/site-packages/arduinobot-0.0.0-py3.14.egg-info' (and everything under it)
[0.727s] Copying ../../build/arduinobot/arduinobot.egg-info to /home/lakindu/arduinobot_ws/install/arduinobot/lib/python3.14/site-packages/arduinobot-0.0.0-py3.14.egg-info
[0.727s] running install_scripts
[0.787s] Installing simple_publisher script to /home/lakindu/arduinobot_ws/install/arduinobot/lib/arduinobot
[0.787s] Installing simple_subscriber script to /home/lakindu/arduinobot_ws/install/arduinobot/lib/arduinobot
[0.787s] writing list of installed files to '/home/lakindu/arduinobot_ws/build/arduinobot/install.log'
[0.807s] Invoked command in '/home/lakindu/arduinobot_ws/src/arduinobot' returned '0': DEBUGINFOD_URLS=https://debuginfod.ubuntu.com PYTHONPATH=/home/lakindu/arduinobot_ws/build/arduinobot/prefix_override:/usr/lib/python3/dist-packages/colcon_core/task/python/colcon_distutils_commands:/home/lakindu/arduinobot_ws/install/arduinobot/lib/python3.14/site-packages:${PYTHONPATH} /usr/bin/python3 -W ignore:setup.py install is deprecated -W ignore:easy_install command is deprecated setup.py egg_info --egg-base ../../build/arduinobot build --build-base /home/lakindu/arduinobot_ws/build/arduinobot/build install --record /home/lakindu/arduinobot_ws/build/arduinobot/install.log --install-scripts $base/lib/arduinobot --single-version-externally-managed install_data
