[0.031s] Invoking command in '/home/lakindu/arduinobot_ws/build/arduinobot_description': CMAKE_PREFIX_PATH=${CMAKE_PREFIX_PATH}:/opt/ros/lyrical DEBUGINFOD_URLS=https://debuginfod.ubuntu.com /usr/bin/cmake --build /home/lakindu/arduinobot_ws/build/arduinobot_description -- -j16 -l16
[0.355s] Invoked command in '/home/lakindu/arduinobot_ws/build/arduinobot_description' returned '0': CMAKE_PREFIX_PATH=${CMAKE_PREFIX_PATH}:/opt/ros/lyrical DEBUGINFOD_URLS=https://debuginfod.ubuntu.com /usr/bin/cmake --build /home/lakindu/arduinobot_ws/build/arduinobot_description -- -j16 -l16
[0.369s] Invoking command in '/home/lakindu/arduinobot_ws/build/arduinobot_description': CMAKE_PREFIX_PATH=${CMAKE_PREFIX_PATH}:/opt/ros/lyrical DEBUGINFOD_URLS=https://debuginfod.ubuntu.com /usr/bin/cmake --install /home/lakindu/arduinobot_ws/build/arduinobot_description
[0.380s] -- Install configuration: ""
[0.381s] -- Execute custom install script
[0.382s] -- Up-to-date symlink: /home/lakindu/arduinobot_ws/install/arduinobot_description/share/arduinobot_description/meshes/base_plate.STL
[0.382s] -- Up-to-date symlink: /home/lakindu/arduinobot_ws/install/arduinobot_description/share/arduinobot_description/meshes/basement.STL
[0.382s] -- Up-to-date symlink: /home/lakindu/arduinobot_ws/install/arduinobot_description/share/arduinobot_description/meshes/claw_support.STL
[0.383s] -- Up-to-date symlink: /home/lakindu/arduinobot_ws/install/arduinobot_description/share/arduinobot_description/meshes/forward_drive_arm.STL
[0.383s] -- Up-to-date symlink: /home/lakindu/arduinobot_ws/install/arduinobot_description/share/arduinobot_description/meshes/horizontal_arm.STL
[0.383s] -- Up-to-date symlink: /home/lakindu/arduinobot_ws/install/arduinobot_description/share/arduinobot_description/meshes/left_finger.STL
[0.383s] -- Up-to-date symlink: /home/lakindu/arduinobot_ws/install/arduinobot_description/share/arduinobot_description/meshes/link.STL
[0.383s] -- Up-to-date symlink: /home/lakindu/arduinobot_ws/install/arduinobot_description/share/arduinobot_description/meshes/plate.STL
[0.383s] -- Up-to-date symlink: /home/lakindu/arduinobot_ws/install/arduinobot_description/share/arduinobot_description/meshes/right_finger.STL
[0.384s] -- Up-to-date symlink: /home/lakindu/arduinobot_ws/install/arduinobot_description/share/arduinobot_description/meshes/round_plate.STL
[0.384s] -- Up-to-date symlink: /home/lakindu/arduinobot_ws/install/arduinobot_description/share/arduinobot_description/meshes/servo_plate.STL
[0.384s] -- Up-to-date symlink: /home/lakindu/arduinobot_ws/install/arduinobot_description/share/arduinobot_description/meshes/triangular_link.STL
[0.385s] -- Up-to-date symlink: /home/lakindu/arduinobot_ws/install/arduinobot_description/share/arduinobot_description/meshes/vertical_drive_arm.STL
[0.385s] -- Up-to-date symlink: /home/lakindu/arduinobot_ws/install/arduinobot_description/share/arduinobot_description/urdf/arduinobot.urdf.xacro
[0.386s] -- Up-to-date symlink: /home/lakindu/arduinobot_ws/install/arduinobot_description/share/ament_index/resource_index/package_run_dependencies/arduinobot_description
[0.387s] -- Up-to-date symlink: /home/lakindu/arduinobot_ws/install/arduinobot_description/share/ament_index/resource_index/parent_prefix_path/arduinobot_description
[0.387s] -- Up-to-date symlink: /home/lakindu/arduinobot_ws/install/arduinobot_description/share/arduinobot_description/environment/ament_prefix_path.sh
[0.388s] -- Up-to-date symlink: /home/lakindu/arduinobot_ws/install/arduinobot_description/share/arduinobot_description/environment/ament_prefix_path.dsv
[0.389s] -- Up-to-date symlink: /home/lakindu/arduinobot_ws/install/arduinobot_description/share/arduinobot_description/environment/path.sh
[0.390s] -- Up-to-date symlink: /home/lakindu/arduinobot_ws/install/arduinobot_description/share/arduinobot_description/environment/path.dsv
[0.391s] -- Up-to-date symlink: /home/lakindu/arduinobot_ws/install/arduinobot_description/share/arduinobot_description/local_setup.bash
[0.392s] -- Up-to-date symlink: /home/lakindu/arduinobot_ws/install/arduinobot_description/share/arduinobot_description/local_setup.fish
[0.393s] -- Up-to-date symlink: /home/lakindu/arduinobot_ws/install/arduinobot_description/share/arduinobot_description/local_setup.sh
[0.394s] -- Up-to-date symlink: /home/lakindu/arduinobot_ws/install/arduinobot_description/share/arduinobot_description/local_setup.zsh
[0.394s] -- Up-to-date symlink: /home/lakindu/arduinobot_ws/install/arduinobot_description/share/arduinobot_description/local_setup.dsv
[0.395s] -- Symlinking: /home/lakindu/arduinobot_ws/install/arduinobot_description/share/arduinobot_description/package.dsv
[0.415s] -- Up-to-date symlink: /home/lakindu/arduinobot_ws/install/arduinobot_description/share/ament_index/resource_index/packages/arduinobot_description
[0.415s] -- Up-to-date symlink: /home/lakindu/arduinobot_ws/install/arduinobot_description/share/arduinobot_description/cmake/arduinobot_descriptionConfig.cmake
[0.416s] -- Up-to-date symlink: /home/lakindu/arduinobot_ws/install/arduinobot_description/share/arduinobot_description/cmake/arduinobot_descriptionConfig-version.cmake
[0.417s] -- Up-to-date symlink: /home/lakindu/arduinobot_ws/install/arduinobot_description/share/arduinobot_description/package.xml
[0.427s] Invoked command in '/home/lakindu/arduinobot_ws/build/arduinobot_description' returned '0': CMAKE_PREFIX_PATH=${CMAKE_PREFIX_PATH}:/opt/ros/lyrical DEBUGINFOD_URLS=https://debuginfod.ubuntu.com /usr/bin/cmake --install /home/lakindu/arduinobot_ws/build/arduinobot_description
