-- The C compiler identification is GNU 15.2.0
-- The CXX compiler identification is GNU 15.2.0
-- Detecting C compiler ABI info
-- Detecting C compiler ABI info - done
-- Check for working C compiler: /usr/bin/cc - skipped
-- Detecting C compile features
-- Detecting C compile features - done
-- Detecting CXX compiler ABI info
-- Detecting CXX compiler ABI info - done
-- Check for working CXX compiler: /usr/bin/c++ - skipped
-- Detecting CXX compile features
-- Detecting CXX compile features - done
-- Found ament_cmake: 2.8.8 (/opt/ros/lyrical/share/ament_cmake/cmake)
-- Found ament_lint_auto: 0.20.6 (/opt/ros/lyrical/share/ament_lint_auto/cmake)
-- Added test 'lint_cmake' to check CMake code style
-- Added test 'xmllint' to check XML markup files
-- Configuring done (0.9s)
-- Generating done (0.0s)
-- Build files have been written to: /home/lakindu/arduinobot_ws/build/arduinobot_description
-- Install configuration: ""
-- Installing: /home/lakindu/arduinobot_ws/install/arduinobot_description/share/ament_index/resource_index/package_run_dependencies/arduinobot_description
-- Installing: /home/lakindu/arduinobot_ws/install/arduinobot_description/share/ament_index/resource_index/parent_prefix_path/arduinobot_description
-- Installing: /home/lakindu/arduinobot_ws/install/arduinobot_description/share/arduinobot_description/environment/ament_prefix_path.sh
-- Installing: /home/lakindu/arduinobot_ws/install/arduinobot_description/share/arduinobot_description/environment/ament_prefix_path.dsv
-- Installing: /home/lakindu/arduinobot_ws/install/arduinobot_description/share/arduinobot_description/environment/path.sh
-- Installing: /home/lakindu/arduinobot_ws/install/arduinobot_description/share/arduinobot_description/environment/path.dsv
-- Installing: /home/lakindu/arduinobot_ws/install/arduinobot_description/share/arduinobot_description/local_setup.bash
-- Installing: /home/lakindu/arduinobot_ws/install/arduinobot_description/share/arduinobot_description/local_setup.fish
-- Installing: /home/lakindu/arduinobot_ws/install/arduinobot_description/share/arduinobot_description/local_setup.sh
-- Installing: /home/lakindu/arduinobot_ws/install/arduinobot_description/share/arduinobot_description/local_setup.zsh
-- Installing: /home/lakindu/arduinobot_ws/install/arduinobot_description/share/arduinobot_description/local_setup.dsv
-- Installing: /home/lakindu/arduinobot_ws/install/arduinobot_description/share/arduinobot_description/package.dsv
-- Installing: /home/lakindu/arduinobot_ws/install/arduinobot_description/share/ament_index/resource_index/packages/arduinobot_description
-- Installing: /home/lakindu/arduinobot_ws/install/arduinobot_description/share/arduinobot_description/cmake/arduinobot_descriptionConfig.cmake
-- Installing: /home/lakindu/arduinobot_ws/install/arduinobot_description/share/arduinobot_description/cmake/arduinobot_descriptionConfig-version.cmake
-- Installing: /home/lakindu/arduinobot_ws/install/arduinobot_description/share/arduinobot_description/package.xml
