[0.010s] Invoking command in '/home/lakindu/arduinobot_ws/build/arduinobot_description': CMAKE_PREFIX_PATH=${CMAKE_PREFIX_PATH}:/opt/ros/lyrical DEBUGINFOD_URLS=https://debuginfod.ubuntu.com /usr/bin/cmake /home/lakindu/arduinobot_ws/src/arduinobot_description -DCMAKE_INSTALL_PREFIX=/home/lakindu/arduinobot_ws/install/arduinobot_description
[0.219s] -- The C compiler identification is GNU 15.2.0
[0.351s] -- The CXX compiler identification is GNU 15.2.0
[0.361s] -- Detecting C compiler ABI info
[0.451s] -- Detecting C compiler ABI info - done
[0.463s] -- Check for working C compiler: /usr/bin/cc - skipped
[0.464s] -- Detecting C compile features
[0.465s] -- Detecting C compile features - done
[0.480s] -- Detecting CXX compiler ABI info
[0.567s] -- Detecting CXX compiler ABI info - done
[0.579s] -- Check for working CXX compiler: /usr/bin/c++ - skipped
[0.580s] -- Detecting CXX compile features
[0.580s] -- Detecting CXX compile features - done
[0.597s] -- Found ament_cmake: 2.8.8 (/opt/ros/lyrical/share/ament_cmake/cmake)
[0.932s] -- Found ament_lint_auto: 0.20.6 (/opt/ros/lyrical/share/ament_lint_auto/cmake)
[1.040s] -- Added test 'lint_cmake' to check CMake code style
[1.042s] -- Added test 'xmllint' to check XML markup files
[1.045s] -- Configuring done (0.9s)
[1.048s] -- Generating done (0.0s)
[1.050s] -- Build files have been written to: /home/lakindu/arduinobot_ws/build/arduinobot_description
[1.054s] Invoked command in '/home/lakindu/arduinobot_ws/build/arduinobot_description' returned '0': CMAKE_PREFIX_PATH=${CMAKE_PREFIX_PATH}:/opt/ros/lyrical DEBUGINFOD_URLS=https://debuginfod.ubuntu.com /usr/bin/cmake /home/lakindu/arduinobot_ws/src/arduinobot_description -DCMAKE_INSTALL_PREFIX=/home/lakindu/arduinobot_ws/install/arduinobot_description
[1.054s] Invoking command in '/home/lakindu/arduinobot_ws/build/arduinobot_description': CMAKE_PREFIX_PATH=${CMAKE_PREFIX_PATH}:/opt/ros/lyrical DEBUGINFOD_URLS=https://debuginfod.ubuntu.com /usr/bin/cmake --build /home/lakindu/arduinobot_ws/build/arduinobot_description -- -j16 -l16
[1.093s] Invoked command in '/home/lakindu/arduinobot_ws/build/arduinobot_description' returned '0': CMAKE_PREFIX_PATH=${CMAKE_PREFIX_PATH}:/opt/ros/lyrical DEBUGINFOD_URLS=https://debuginfod.ubuntu.com /usr/bin/cmake --build /home/lakindu/arduinobot_ws/build/arduinobot_description -- -j16 -l16
[1.108s] Invoking command in '/home/lakindu/arduinobot_ws/build/arduinobot_description': CMAKE_PREFIX_PATH=${CMAKE_PREFIX_PATH}:/opt/ros/lyrical DEBUGINFOD_URLS=https://debuginfod.ubuntu.com /usr/bin/cmake --install /home/lakindu/arduinobot_ws/build/arduinobot_description
[1.122s] -- Install configuration: ""
[1.122s] -- Installing: /home/lakindu/arduinobot_ws/install/arduinobot_description/share/ament_index/resource_index/package_run_dependencies/arduinobot_description
[1.122s] -- Installing: /home/lakindu/arduinobot_ws/install/arduinobot_description/share/ament_index/resource_index/parent_prefix_path/arduinobot_description
[1.122s] -- Installing: /home/lakindu/arduinobot_ws/install/arduinobot_description/share/arduinobot_description/environment/ament_prefix_path.sh
[1.122s] -- Installing: /home/lakindu/arduinobot_ws/install/arduinobot_description/share/arduinobot_description/environment/ament_prefix_path.dsv
[1.122s] -- Installing: /home/lakindu/arduinobot_ws/install/arduinobot_description/share/arduinobot_description/environment/path.sh
[1.122s] -- Installing: /home/lakindu/arduinobot_ws/install/arduinobot_description/share/arduinobot_description/environment/path.dsv
[1.123s] -- Installing: /home/lakindu/arduinobot_ws/install/arduinobot_description/share/arduinobot_description/local_setup.bash
[1.123s] -- Installing: /home/lakindu/arduinobot_ws/install/arduinobot_description/share/arduinobot_description/local_setup.fish
[1.123s] -- Installing: /home/lakindu/arduinobot_ws/install/arduinobot_description/share/arduinobot_description/local_setup.sh
[1.123s] -- Installing: /home/lakindu/arduinobot_ws/install/arduinobot_description/share/arduinobot_description/local_setup.zsh
[1.123s] -- Installing: /home/lakindu/arduinobot_ws/install/arduinobot_description/share/arduinobot_description/local_setup.dsv
[1.123s] -- Installing: /home/lakindu/arduinobot_ws/install/arduinobot_description/share/arduinobot_description/package.dsv
[1.123s] -- Installing: /home/lakindu/arduinobot_ws/install/arduinobot_description/share/ament_index/resource_index/packages/arduinobot_description
[1.123s] -- Installing: /home/lakindu/arduinobot_ws/install/arduinobot_description/share/arduinobot_description/cmake/arduinobot_descriptionConfig.cmake
[1.123s] -- Installing: /home/lakindu/arduinobot_ws/install/arduinobot_description/share/arduinobot_description/cmake/arduinobot_descriptionConfig-version.cmake
[1.123s] -- Installing: /home/lakindu/arduinobot_ws/install/arduinobot_description/share/arduinobot_description/package.xml
[1.127s] Invoked command in '/home/lakindu/arduinobot_ws/build/arduinobot_description' returned '0': CMAKE_PREFIX_PATH=${CMAKE_PREFIX_PATH}:/opt/ros/lyrical DEBUGINFOD_URLS=https://debuginfod.ubuntu.com /usr/bin/cmake --install /home/lakindu/arduinobot_ws/build/arduinobot_description
