[0.487s] Invoking command in '/home/lakindu/arduinobot_ws/build/arduinobot_py': DEBUGINFOD_URLS=https://debuginfod.ubuntu.com PYTHONPATH=/home/lakindu/arduinobot_ws/build/arduinobot_py/prefix_override:/usr/lib/python3/dist-packages/colcon_core/task/python/colcon_distutils_commands:/home/lakindu/arduinobot_ws/install/arduinobot_py/lib/python3.14/site-packages:${PYTHONPATH} /usr/bin/python3 -W ignore:setup.py install is deprecated -W ignore:easy_install command is deprecated setup.py develop --uninstall --editable --build-directory /home/lakindu/arduinobot_ws/build/arduinobot_py/build
[0.673s] running develop
[0.778s] Removing /home/lakindu/arduinobot_ws/install/arduinobot_py/lib/python3.14/site-packages/arduinobot-py.egg-link (link to .)
[0.799s] Invoked command in '/home/lakindu/arduinobot_ws/build/arduinobot_py' returned '0': DEBUGINFOD_URLS=https://debuginfod.ubuntu.com PYTHONPATH=/home/lakindu/arduinobot_ws/build/arduinobot_py/prefix_override:/usr/lib/python3/dist-packages/colcon_core/task/python/colcon_distutils_commands:/home/lakindu/arduinobot_ws/install/arduinobot_py/lib/python3.14/site-packages:${PYTHONPATH} /usr/bin/python3 -W ignore:setup.py install is deprecated -W ignore:easy_install command is deprecated setup.py develop --uninstall --editable --build-directory /home/lakindu/arduinobot_ws/build/arduinobot_py/build
[0.800s] Invoking command in '/home/lakindu/arduinobot_ws/src/arduinobot_py': DEBUGINFOD_URLS=https://debuginfod.ubuntu.com PYTHONPATH=/home/lakindu/arduinobot_ws/build/arduinobot_py/prefix_override:/usr/lib/python3/dist-packages/colcon_core/task/python/colcon_distutils_commands:/home/lakindu/arduinobot_ws/install/arduinobot_py/lib/python3.14/site-packages:${PYTHONPATH} /usr/bin/python3 -W ignore:setup.py install is deprecated -W ignore:easy_install command is deprecated setup.py egg_info --egg-base ../../build/arduinobot_py build --build-base /home/lakindu/arduinobot_ws/build/arduinobot_py/build install --record /home/lakindu/arduinobot_ws/build/arduinobot_py/install.log --install-scripts $base/lib/arduinobot_py --single-version-externally-managed install_data --force
[0.978s] running egg_info
[0.989s] writing ../../build/arduinobot_py/arduinobot_py.egg-info/PKG-INFO
[0.990s] writing dependency_links to ../../build/arduinobot_py/arduinobot_py.egg-info/dependency_links.txt
[0.990s] writing entry points to ../../build/arduinobot_py/arduinobot_py.egg-info/entry_points.txt
[0.990s] writing requirements to ../../build/arduinobot_py/arduinobot_py.egg-info/requires.txt
[0.990s] writing top-level names to ../../build/arduinobot_py/arduinobot_py.egg-info/top_level.txt
[1.014s] reading manifest file '../../build/arduinobot_py/arduinobot_py.egg-info/SOURCES.txt'
[1.015s] writing manifest file '../../build/arduinobot_py/arduinobot_py.egg-info/SOURCES.txt'
[1.015s] running build
[1.015s] running build_py
[1.015s] copying arduinobot_py/simple_subscriber.py -> /home/lakindu/arduinobot_ws/build/arduinobot_py/build/lib/arduinobot_py
[1.015s] copying arduinobot_py/__init__.py -> /home/lakindu/arduinobot_ws/build/arduinobot_py/build/lib/arduinobot_py
[1.015s] copying arduinobot_py/simple_publisher.py -> /home/lakindu/arduinobot_ws/build/arduinobot_py/build/lib/arduinobot_py
[1.015s] running install
[1.018s] running install_lib
[1.030s] creating /home/lakindu/arduinobot_ws/install/arduinobot_py/lib/python3.14/site-packages/arduinobot_py
[1.030s] copying /home/lakindu/arduinobot_ws/build/arduinobot_py/build/lib/arduinobot_py/simple_subscriber.py -> /home/lakindu/arduinobot_ws/install/arduinobot_py/lib/python3.14/site-packages/arduinobot_py
[1.030s] copying /home/lakindu/arduinobot_ws/build/arduinobot_py/build/lib/arduinobot_py/__init__.py -> /home/lakindu/arduinobot_ws/install/arduinobot_py/lib/python3.14/site-packages/arduinobot_py
[1.030s] copying /home/lakindu/arduinobot_ws/build/arduinobot_py/build/lib/arduinobot_py/simple_publisher.py -> /home/lakindu/arduinobot_ws/install/arduinobot_py/lib/python3.14/site-packages/arduinobot_py
[1.030s] byte-compiling /home/lakindu/arduinobot_ws/install/arduinobot_py/lib/python3.14/site-packages/arduinobot_py/simple_subscriber.py to simple_subscriber.cpython-314.pyc
[1.031s] byte-compiling /home/lakindu/arduinobot_ws/install/arduinobot_py/lib/python3.14/site-packages/arduinobot_py/__init__.py to __init__.cpython-314.pyc
[1.031s] byte-compiling /home/lakindu/arduinobot_ws/install/arduinobot_py/lib/python3.14/site-packages/arduinobot_py/simple_publisher.py to simple_publisher.cpython-314.pyc
[1.031s] running install_data
[1.031s] copying resource/arduinobot_py -> /home/lakindu/arduinobot_ws/install/arduinobot_py/share/ament_index/resource_index/packages
[1.031s] copying package.xml -> /home/lakindu/arduinobot_ws/install/arduinobot_py/share/arduinobot_py
[1.031s] running install_egg_info
[1.043s] Copying ../../build/arduinobot_py/arduinobot_py.egg-info to /home/lakindu/arduinobot_ws/install/arduinobot_py/lib/python3.14/site-packages/arduinobot_py-0.0.0-py3.14.egg-info
[1.043s] running install_scripts
[1.103s] Installing simple_publisher script to /home/lakindu/arduinobot_ws/install/arduinobot_py/lib/arduinobot_py
[1.103s] Installing simple_subscriber script to /home/lakindu/arduinobot_ws/install/arduinobot_py/lib/arduinobot_py
[1.103s] writing list of installed files to '/home/lakindu/arduinobot_ws/build/arduinobot_py/install.log'
[1.123s] Invoked command in '/home/lakindu/arduinobot_ws/src/arduinobot_py' returned '0': DEBUGINFOD_URLS=https://debuginfod.ubuntu.com PYTHONPATH=/home/lakindu/arduinobot_ws/build/arduinobot_py/prefix_override:/usr/lib/python3/dist-packages/colcon_core/task/python/colcon_distutils_commands:/home/lakindu/arduinobot_ws/install/arduinobot_py/lib/python3.14/site-packages:${PYTHONPATH} /usr/bin/python3 -W ignore:setup.py install is deprecated -W ignore:easy_install command is deprecated setup.py egg_info --egg-base ../../build/arduinobot_py build --build-base /home/lakindu/arduinobot_ws/build/arduinobot_py/build install --record /home/lakindu/arduinobot_ws/build/arduinobot_py/install.log --install-scripts $base/lib/arduinobot_py --single-version-externally-managed install_data --force
