running egg_info
writing ../../build/arduinobot_py/arduinobot_py.egg-info/PKG-INFO
writing dependency_links to ../../build/arduinobot_py/arduinobot_py.egg-info/dependency_links.txt
writing entry points to ../../build/arduinobot_py/arduinobot_py.egg-info/entry_points.txt
writing requirements to ../../build/arduinobot_py/arduinobot_py.egg-info/requires.txt
writing top-level names to ../../build/arduinobot_py/arduinobot_py.egg-info/top_level.txt
reading manifest file '../../build/arduinobot_py/arduinobot_py.egg-info/SOURCES.txt'
writing manifest file '../../build/arduinobot_py/arduinobot_py.egg-info/SOURCES.txt'
running build
running build_py
copying arduinobot_py/simple_subscriber.py -> /home/lakindu/arduinobot_ws/build/arduinobot_py/build/lib/arduinobot_py
copying arduinobot_py/__init__.py -> /home/lakindu/arduinobot_ws/build/arduinobot_py/build/lib/arduinobot_py
copying arduinobot_py/simple_publisher.py -> /home/lakindu/arduinobot_ws/build/arduinobot_py/build/lib/arduinobot_py
running install
running install_lib
running install_data
copying resource/arduinobot_py -> /home/lakindu/arduinobot_ws/install/arduinobot_py/share/ament_index/resource_index/packages
copying package.xml -> /home/lakindu/arduinobot_ws/install/arduinobot_py/share/arduinobot_py
running install_egg_info
removing '/home/lakindu/arduinobot_ws/install/arduinobot_py/lib/python3.14/site-packages/arduinobot_py-0.0.0-py3.14.egg-info' (and everything under it)
Copying ../../build/arduinobot_py/arduinobot_py.egg-info to /home/lakindu/arduinobot_ws/install/arduinobot_py/lib/python3.14/site-packages/arduinobot_py-0.0.0-py3.14.egg-info
running install_scripts
Installing simple_publisher script to /home/lakindu/arduinobot_ws/install/arduinobot_py/lib/arduinobot_py
Installing simple_subscriber script to /home/lakindu/arduinobot_ws/install/arduinobot_py/lib/arduinobot_py
writing list of installed files to '/home/lakindu/arduinobot_ws/build/arduinobot_py/install.log'
