[0.030s] Invoking command in '/home/lakindu/arduinobot_ws/build/arduinobot_description': CMAKE_PREFIX_PATH=${CMAKE_PREFIX_PATH}:/opt/ros/lyrical DEBUGINFOD_URLS=https://debuginfod.ubuntu.com /usr/bin/cmake --build /home/lakindu/arduinobot_ws/build/arduinobot_description -- -j16 -l16
[0.374s] Invoked command in '/home/lakindu/arduinobot_ws/build/arduinobot_description' returned '0': CMAKE_PREFIX_PATH=${CMAKE_PREFIX_PATH}:/opt/ros/lyrical DEBUGINFOD_URLS=https://debuginfod.ubuntu.com /usr/bin/cmake --build /home/lakindu/arduinobot_ws/build/arduinobot_description -- -j16 -l16
[0.392s] Invoking command in '/home/lakindu/arduinobot_ws/build/arduinobot_description': CMAKE_PREFIX_PATH=${CMAKE_PREFIX_PATH}:/opt/ros/lyrical DEBUGINFOD_URLS=https://debuginfod.ubuntu.com /usr/bin/cmake --install /home/lakindu/arduinobot_ws/build/arduinobot_description
[0.412s] -- Install configuration: ""
[0.414s] -- Execute custom install script
[0.415s] -- Up-to-date symlink: /home/lakindu/arduinobot_ws/install/arduinobot_description/share/arduinobot_description/meshes/base_plate.STL
[0.416s] -- Up-to-date symlink: /home/lakindu/arduinobot_ws/install/arduinobot_description/share/arduinobot_description/meshes/basement.STL
[0.417s] -- Up-to-date symlink: /home/lakindu/arduinobot_ws/install/arduinobot_description/share/arduinobot_description/meshes/claw_support.STL
[0.418s] -- Up-to-date symlink: /home/lakindu/arduinobot_ws/install/arduinobot_description/share/arduinobot_description/meshes/forward_drive_arm.STL
[0.419s] -- Up-to-date symlink: /home/lakindu/arduinobot_ws/install/arduinobot_description/share/arduinobot_description/meshes/horizontal_arm.STL
[0.419s] -- Up-to-date symlink: /home/lakindu/arduinobot_ws/install/arduinobot_description/share/arduinobot_description/meshes/left_finger.STL
[0.420s] -- Up-to-date symlink: /home/lakindu/arduinobot_ws/install/arduinobot_description/share/arduinobot_description/meshes/link.STL
[0.421s] -- Up-to-date symlink: /home/lakindu/arduinobot_ws/install/arduinobot_description/share/arduinobot_description/meshes/plate.STL
[0.422s] -- Up-to-date symlink: /home/lakindu/arduinobot_ws/install/arduinobot_description/share/arduinobot_description/meshes/right_finger.STL
[0.422s] -- Up-to-date symlink: /home/lakindu/arduinobot_ws/install/arduinobot_description/share/arduinobot_description/meshes/round_plate.STL
[0.423s] -- Up-to-date symlink: /home/lakindu/arduinobot_ws/install/arduinobot_description/share/arduinobot_description/meshes/servo_plate.STL
[0.424s] -- Up-to-date symlink: /home/lakindu/arduinobot_ws/install/arduinobot_description/share/arduinobot_description/meshes/triangular_link.STL
[0.424s] -- Up-to-date symlink: /home/lakindu/arduinobot_ws/install/arduinobot_description/share/arduinobot_description/meshes/vertical_drive_arm.STL
[0.425s] -- Up-to-date symlink: /home/lakindu/arduinobot_ws/install/arduinobot_description/share/arduinobot_description/urdf/arduinobot.urdf.xacro
[0.426s] -- Up-to-date symlink: /home/lakindu/arduinobot_ws/install/arduinobot_description/share/ament_index/resource_index/package_run_dependencies/arduinobot_description
[0.427s] -- Up-to-date symlink: /home/lakindu/arduinobot_ws/install/arduinobot_description/share/ament_index/resource_index/parent_prefix_path/arduinobot_description
[0.428s] -- Up-to-date symlink: /home/lakindu/arduinobot_ws/install/arduinobot_description/share/arduinobot_description/environment/ament_prefix_path.sh
[0.428s] -- Up-to-date symlink: /home/lakindu/arduinobot_ws/install/arduinobot_description/share/arduinobot_description/environment/ament_prefix_path.dsv
[0.429s] -- Up-to-date symlink: /home/lakindu/arduinobot_ws/install/arduinobot_description/share/arduinobot_description/environment/path.sh
[0.430s] -- Up-to-date symlink: /home/lakindu/arduinobot_ws/install/arduinobot_description/share/arduinobot_description/environment/path.dsv
[0.430s] -- Up-to-date symlink: /home/lakindu/arduinobot_ws/install/arduinobot_description/share/arduinobot_description/local_setup.bash
[0.431s] -- Up-to-date symlink: /home/lakindu/arduinobot_ws/install/arduinobot_description/share/arduinobot_description/local_setup.fish
[0.432s] -- Up-to-date symlink: /home/lakindu/arduinobot_ws/install/arduinobot_description/share/arduinobot_description/local_setup.sh
[0.433s] -- Up-to-date symlink: /home/lakindu/arduinobot_ws/install/arduinobot_description/share/arduinobot_description/local_setup.zsh
[0.433s] -- Up-to-date symlink: /home/lakindu/arduinobot_ws/install/arduinobot_description/share/arduinobot_description/local_setup.dsv
[0.434s] -- Symlinking: /home/lakindu/arduinobot_ws/install/arduinobot_description/share/arduinobot_description/package.dsv
[0.453s] -- Up-to-date symlink: /home/lakindu/arduinobot_ws/install/arduinobot_description/share/ament_index/resource_index/packages/arduinobot_description
[0.454s] -- Up-to-date symlink: /home/lakindu/arduinobot_ws/install/arduinobot_description/share/arduinobot_description/cmake/arduinobot_descriptionConfig.cmake
[0.454s] -- Up-to-date symlink: /home/lakindu/arduinobot_ws/install/arduinobot_description/share/arduinobot_description/cmake/arduinobot_descriptionConfig-version.cmake
[0.454s] -- Up-to-date symlink: /home/lakindu/arduinobot_ws/install/arduinobot_description/share/arduinobot_description/package.xml
[0.457s] Invoked command in '/home/lakindu/arduinobot_ws/build/arduinobot_description' returned '0': CMAKE_PREFIX_PATH=${CMAKE_PREFIX_PATH}:/opt/ros/lyrical DEBUGINFOD_URLS=https://debuginfod.ubuntu.com /usr/bin/cmake --install /home/lakindu/arduinobot_ws/build/arduinobot_description
