[0.010s] Invoking command in '/home/lakindu/arduinobot_ws/build/arduinobot_description': CMAKE_PREFIX_PATH=${CMAKE_PREFIX_PATH}:/opt/ros/lyrical DEBUGINFOD_URLS=https://debuginfod.ubuntu.com /usr/bin/cmake /home/lakindu/arduinobot_ws/src/arduinobot_description -DAMENT_CMAKE_SYMLINK_INSTALL=1 -DCMAKE_INSTALL_PREFIX=/home/lakindu/arduinobot_ws/install/arduinobot_description
[0.024s] -- Found ament_cmake: 2.8.8 (/opt/ros/lyrical/share/ament_cmake/cmake)
[0.192s] -- Override CMake install command with custom implementation using symlinks instead of copying resources
[0.198s] -- Found ament_lint_auto: 0.20.6 (/opt/ros/lyrical/share/ament_lint_auto/cmake)
[0.273s] -- Added test 'lint_cmake' to check CMake code style
[0.273s] -- Added test 'xmllint' to check XML markup files
[0.274s] -- Configuring done (0.3s)
[0.276s] -- Generating done (0.0s)
[0.277s] -- Build files have been written to: /home/lakindu/arduinobot_ws/build/arduinobot_description
[0.280s] Invoked command in '/home/lakindu/arduinobot_ws/build/arduinobot_description' returned '0': CMAKE_PREFIX_PATH=${CMAKE_PREFIX_PATH}:/opt/ros/lyrical DEBUGINFOD_URLS=https://debuginfod.ubuntu.com /usr/bin/cmake /home/lakindu/arduinobot_ws/src/arduinobot_description -DAMENT_CMAKE_SYMLINK_INSTALL=1 -DCMAKE_INSTALL_PREFIX=/home/lakindu/arduinobot_ws/install/arduinobot_description
[0.281s] Invoking command in '/home/lakindu/arduinobot_ws/build/arduinobot_description': CMAKE_PREFIX_PATH=${CMAKE_PREFIX_PATH}:/opt/ros/lyrical DEBUGINFOD_URLS=https://debuginfod.ubuntu.com /usr/bin/cmake --build /home/lakindu/arduinobot_ws/build/arduinobot_description -- -j16 -l16
[0.316s] Invoked command in '/home/lakindu/arduinobot_ws/build/arduinobot_description' returned '0': CMAKE_PREFIX_PATH=${CMAKE_PREFIX_PATH}:/opt/ros/lyrical DEBUGINFOD_URLS=https://debuginfod.ubuntu.com /usr/bin/cmake --build /home/lakindu/arduinobot_ws/build/arduinobot_description -- -j16 -l16
[0.323s] Invoking command in '/home/lakindu/arduinobot_ws/build/arduinobot_description': CMAKE_PREFIX_PATH=${CMAKE_PREFIX_PATH}:/opt/ros/lyrical DEBUGINFOD_URLS=https://debuginfod.ubuntu.com /usr/bin/cmake --install /home/lakindu/arduinobot_ws/build/arduinobot_description
[0.333s] -- Install configuration: ""
[0.333s] -- Execute custom install script
[0.334s] -- Symlinking: /home/lakindu/arduinobot_ws/install/arduinobot_description/share/arduinobot_description/meshes/base_plate.STL
[0.341s] -- Symlinking: /home/lakindu/arduinobot_ws/install/arduinobot_description/share/arduinobot_description/meshes/basement.STL
[0.351s] -- Symlinking: /home/lakindu/arduinobot_ws/install/arduinobot_description/share/arduinobot_description/meshes/claw_support.STL
[0.357s] -- Symlinking: /home/lakindu/arduinobot_ws/install/arduinobot_description/share/arduinobot_description/meshes/forward_drive_arm.STL
[0.364s] -- Symlinking: /home/lakindu/arduinobot_ws/install/arduinobot_description/share/arduinobot_description/meshes/horizontal_arm.STL
[0.372s] -- Symlinking: /home/lakindu/arduinobot_ws/install/arduinobot_description/share/arduinobot_description/meshes/left_finger.STL
[0.382s] -- Symlinking: /home/lakindu/arduinobot_ws/install/arduinobot_description/share/arduinobot_description/meshes/link.STL
[0.388s] -- Symlinking: /home/lakindu/arduinobot_ws/install/arduinobot_description/share/arduinobot_description/meshes/plate.STL
[0.398s] -- Symlinking: /home/lakindu/arduinobot_ws/install/arduinobot_description/share/arduinobot_description/meshes/right_finger.STL
[0.404s] -- Symlinking: /home/lakindu/arduinobot_ws/install/arduinobot_description/share/arduinobot_description/meshes/round_plate.STL
[0.414s] -- Symlinking: /home/lakindu/arduinobot_ws/install/arduinobot_description/share/arduinobot_description/meshes/servo_plate.STL
[0.420s] -- Symlinking: /home/lakindu/arduinobot_ws/install/arduinobot_description/share/arduinobot_description/meshes/triangular_link.STL
[0.429s] -- Symlinking: /home/lakindu/arduinobot_ws/install/arduinobot_description/share/arduinobot_description/meshes/vertical_drive_arm.STL
[0.436s] -- Symlinking: /home/lakindu/arduinobot_ws/install/arduinobot_description/share/arduinobot_description/urdf/arduinobot.urdf.xacro
[0.446s] -- Symlinking: /home/lakindu/arduinobot_ws/install/arduinobot_description/share/ament_index/resource_index/package_run_dependencies/arduinobot_description
[0.452s] -- Symlinking: /home/lakindu/arduinobot_ws/install/arduinobot_description/share/ament_index/resource_index/parent_prefix_path/arduinobot_description
[0.460s] -- Symlinking: /home/lakindu/arduinobot_ws/install/arduinobot_description/share/arduinobot_description/environment/ament_prefix_path.sh
[0.466s] -- Symlinking: /home/lakindu/arduinobot_ws/install/arduinobot_description/share/arduinobot_description/environment/ament_prefix_path.dsv
[0.477s] -- Symlinking: /home/lakindu/arduinobot_ws/install/arduinobot_description/share/arduinobot_description/environment/path.sh
[0.484s] -- Symlinking: /home/lakindu/arduinobot_ws/install/arduinobot_description/share/arduinobot_description/environment/path.dsv
[0.496s] -- Symlinking: /home/lakindu/arduinobot_ws/install/arduinobot_description/share/arduinobot_description/local_setup.bash
[0.507s] -- Symlinking: /home/lakindu/arduinobot_ws/install/arduinobot_description/share/arduinobot_description/local_setup.fish
[0.515s] -- Symlinking: /home/lakindu/arduinobot_ws/install/arduinobot_description/share/arduinobot_description/local_setup.sh
[0.522s] -- Symlinking: /home/lakindu/arduinobot_ws/install/arduinobot_description/share/arduinobot_description/local_setup.zsh
[0.531s] -- Symlinking: /home/lakindu/arduinobot_ws/install/arduinobot_description/share/arduinobot_description/local_setup.dsv
[0.541s] -- Symlinking: /home/lakindu/arduinobot_ws/install/arduinobot_description/share/arduinobot_description/package.dsv
[0.549s] -- Symlinking: /home/lakindu/arduinobot_ws/install/arduinobot_description/share/ament_index/resource_index/packages/arduinobot_description
[0.559s] -- Symlinking: /home/lakindu/arduinobot_ws/install/arduinobot_description/share/arduinobot_description/cmake/arduinobot_descriptionConfig.cmake
[0.565s] -- Symlinking: /home/lakindu/arduinobot_ws/install/arduinobot_description/share/arduinobot_description/cmake/arduinobot_descriptionConfig-version.cmake
[0.575s] -- Symlinking: /home/lakindu/arduinobot_ws/install/arduinobot_description/share/arduinobot_description/package.xml
[0.583s] Invoked command in '/home/lakindu/arduinobot_ws/build/arduinobot_description' returned '0': CMAKE_PREFIX_PATH=${CMAKE_PREFIX_PATH}:/opt/ros/lyrical DEBUGINFOD_URLS=https://debuginfod.ubuntu.com /usr/bin/cmake --install /home/lakindu/arduinobot_ws/build/arduinobot_description
