[-1791306571042253056.000s] DEBUG:colcon:Command line arguments: ['/usr/bin/colcon', 'build']
[-1791306571042253056.000s] DEBUG:colcon:Parsed command line arguments: Namespace(log_base=None, log_level=None, verb_name='build', build_base='build', install_base='install', merge_install=False, symlink_install=False, test_result_base=None, continue_on_error=False, executor='parallel', parallel_workers=16, event_handlers=None, ignore_user_meta=False, metas=['./colcon.meta'], base_paths=['.'], packages_ignore=None, packages_ignore_regex=None, paths=None, packages_up_to=None, packages_up_to_regex=None, packages_above=None, packages_above_and_dependencies=None, packages_above_depth=None, packages_select_by_dep=None, packages_skip_by_dep=None, packages_skip_up_to=None, packages_select_build_failed=False, packages_skip_build_finished=False, packages_select_test_failures=False, packages_skip_test_passed=False, packages_select=None, packages_skip=None, packages_select_regex=None, packages_skip_regex=None, packages_start=None, packages_end=None, allow_overriding=[], cmake_args=None, cmake_target=None, cmake_target_skip_unavailable=False, cmake_clean_cache=False, cmake_clean_first=False, cmake_force_configure=False, ament_cmake_args=None, catkin_cmake_args=None, catkin_skip_building_tests=False, mixin_files=None, mixin=None, verb_parser=<colcon_mixin.mixin.mixin_argument.MixinArgumentDecorator object at 0x7ecfe42ffed0>, verb_extension=<colcon_core.verb.build.BuildVerb object at 0x7ecfe42efb60>, main=<bound method BuildVerb.main of <colcon_core.verb.build.BuildVerb object at 0x7ecfe42efb60>>, mixin_verb=('build',))
[-1791306571042253056.000s] Level 1:colcon.colcon_core.package_discovery:discover_packages(colcon_meta) check parameters
[-1791306571042253056.000s] Level 1:colcon.colcon_core.package_discovery:discover_packages(recursive) check parameters
[-1791306571042253056.000s] Level 1:colcon.colcon_core.package_discovery:discover_packages(ignore) check parameters
[-1791306571042253056.000s] Level 1:colcon.colcon_core.package_discovery:discover_packages(path) check parameters
[-1791306571042253056.000s] Level 1:colcon.colcon_core.package_discovery:discover_packages(colcon_meta) discover
[-1791306571042253056.000s] Level 1:colcon.colcon_core.package_discovery:discover_packages(recursive) discover
[-1791306571042253056.000s] INFO:colcon.colcon_core.package_discovery:Crawling recursively for packages in '/home/lakindu/arduinobot_ws'
[-1791306571042253056.000s] Level 1:colcon.colcon_core.package_identification:_identify(.) by extensions ['ignore', 'ignore_ament_install']
[-1791306571042253056.000s] Level 1:colcon.colcon_core.package_identification:_identify(.) by extension 'ignore'
[-1791306571042253056.000s] Level 1:colcon.colcon_core.package_identification:_identify(.) by extension 'ignore_ament_install'
[-1791306571042253056.000s] Level 1:colcon.colcon_core.package_identification:_identify(.) by extensions ['colcon_pkg']
[-1791306571042253056.000s] Level 1:colcon.colcon_core.package_identification:_identify(.) by extension 'colcon_pkg'
[-1791306571042253056.000s] Level 1:colcon.colcon_core.package_identification:_identify(.) by extensions ['colcon_meta']
[-1791306571042253056.000s] Level 1:colcon.colcon_core.package_identification:_identify(.) by extension 'colcon_meta'
[-1791306571042253056.000s] Level 1:colcon.colcon_core.package_identification:_identify(.) by extensions ['ros']
[-1791306571042253056.000s] Level 1:colcon.colcon_core.package_identification:_identify(.) by extension 'ros'
[-1791306571042253056.000s] Level 1:colcon.colcon_core.package_identification:_identify(.) by extensions ['cmake', 'python']
[-1791306571042253056.000s] Level 1:colcon.colcon_core.package_identification:_identify(.) by extension 'cmake'
[-1791306571042253056.000s] Level 1:colcon.colcon_core.package_identification:_identify(.) by extension 'python'
[-1791306571042253056.000s] Level 1:colcon.colcon_core.package_identification:_identify(.) by extensions ['python_setup_py']
[-1791306571042253056.000s] Level 1:colcon.colcon_core.package_identification:_identify(.) by extension 'python_setup_py'
[-1791306571042253056.000s] Level 1:colcon.colcon_core.package_identification:_identify(build) by extensions ['ignore', 'ignore_ament_install']
[-1791306571042253056.000s] Level 1:colcon.colcon_core.package_identification:_identify(build) by extension 'ignore'
[-1791306571042253056.000s] Level 1:colcon.colcon_core.package_identification:_identify(build) ignored
[-1791306571042253056.000s] Level 1:colcon.colcon_core.package_identification:_identify(install) by extensions ['ignore', 'ignore_ament_install']
[-1791306571042253056.000s] Level 1:colcon.colcon_core.package_identification:_identify(install) by extension 'ignore'
[-1791306571042253056.000s] Level 1:colcon.colcon_core.package_identification:_identify(install) ignored
[-1791306571042253056.000s] Level 1:colcon.colcon_core.package_identification:_identify(log) by extensions ['ignore', 'ignore_ament_install']
[-1791306571042253056.000s] Level 1:colcon.colcon_core.package_identification:_identify(log) by extension 'ignore'
[-1791306571042253056.000s] Level 1:colcon.colcon_core.package_identification:_identify(log) ignored
[-1791306571042253056.000s] Level 1:colcon.colcon_core.package_identification:_identify(src) by extensions ['ignore', 'ignore_ament_install']
[-1791306571042253056.000s] Level 1:colcon.colcon_core.package_identification:_identify(src) by extension 'ignore'
[-1791306571042253056.000s] Level 1:colcon.colcon_core.package_identification:_identify(src) by extension 'ignore_ament_install'
[-1791306571042253056.000s] Level 1:colcon.colcon_core.package_identification:_identify(src) by extensions ['colcon_pkg']
[-1791306571042253056.000s] Level 1:colcon.colcon_core.package_identification:_identify(src) by extension 'colcon_pkg'
[-1791306571042253056.000s] Level 1:colcon.colcon_core.package_identification:_identify(src) by extensions ['colcon_meta']
[-1791306571042253056.000s] Level 1:colcon.colcon_core.package_identification:_identify(src) by extension 'colcon_meta'
[-1791306571042253056.000s] Level 1:colcon.colcon_core.package_identification:_identify(src) by extensions ['ros']
[-1791306571042253056.000s] Level 1:colcon.colcon_core.package_identification:_identify(src) by extension 'ros'
[-1791306571042253056.000s] Level 1:colcon.colcon_core.package_identification:_identify(src) by extensions ['cmake', 'python']
[-1791306571042253056.000s] Level 1:colcon.colcon_core.package_identification:_identify(src) by extension 'cmake'
[-1791306571042253056.000s] Level 1:colcon.colcon_core.package_identification:_identify(src) by extension 'python'
[-1791306571042253056.000s] Level 1:colcon.colcon_core.package_identification:_identify(src) by extensions ['python_setup_py']
[-1791306571042253056.000s] Level 1:colcon.colcon_core.package_identification:_identify(src) by extension 'python_setup_py'
[-1791306571042253056.000s] Level 1:colcon.colcon_core.package_identification:_identify(src/arduinobot) by extensions ['ignore', 'ignore_ament_install']
[-1791306571042253056.000s] Level 1:colcon.colcon_core.package_identification:_identify(src/arduinobot) by extension 'ignore'
[-1791306571042253056.000s] Level 1:colcon.colcon_core.package_identification:_identify(src/arduinobot) by extension 'ignore_ament_install'
[-1791306571042253056.000s] Level 1:colcon.colcon_core.package_identification:_identify(src/arduinobot) by extensions ['colcon_pkg']
[-1791306571042253056.000s] Level 1:colcon.colcon_core.package_identification:_identify(src/arduinobot) by extension 'colcon_pkg'
[-1791306571042253056.000s] Level 1:colcon.colcon_core.package_identification:_identify(src/arduinobot) by extensions ['colcon_meta']
[-1791306571042253056.000s] Level 1:colcon.colcon_core.package_identification:_identify(src/arduinobot) by extension 'colcon_meta'
[-1791306571042253056.000s] Level 1:colcon.colcon_core.package_identification:_identify(src/arduinobot) by extensions ['ros']
[-1791306571042253056.000s] Level 1:colcon.colcon_core.package_identification:_identify(src/arduinobot) by extension 'ros'
[-1791306571042253056.000s] DEBUG:colcon.colcon_core.package_identification:Package 'src/arduinobot' with type 'ros.ament_python' and name 'arduinobot'
[-1791306571042253056.000s] Level 1:colcon.colcon_core.package_discovery:discover_packages(recursive) using defaults
[-1791306571042253056.000s] Level 1:colcon.colcon_core.package_discovery:discover_packages(ignore) discover
[-1791306571042253056.000s] Level 1:colcon.colcon_core.package_discovery:discover_packages(ignore) using defaults
[-1791306571042253056.000s] Level 1:colcon.colcon_core.package_discovery:discover_packages(path) discover
[-1791306571042253056.000s] Level 1:colcon.colcon_core.package_discovery:discover_packages(path) using defaults
[-1791306571042253056.000s] Level 1:colcon.colcon_core.package_discovery:discover_packages(prefix_path) check parameters
[-1791306571042253056.000s] Level 1:colcon.colcon_core.package_discovery:discover_packages(prefix_path) discover
[-1791306571042253056.000s] DEBUG:colcon.colcon_installed_package_information.package_discovery:Found 1 installed packages in /home/lakindu/arduinobot_ws/install
[-1791306571042253056.000s] DEBUG:colcon.colcon_installed_package_information.package_discovery:Found 457 installed packages in /opt/ros/lyrical
[-1791306571042253056.000s] Level 1:colcon.colcon_core.package_discovery:discover_packages(prefix_path) using defaults
[-1791306571042253056.000s] Level 5:colcon.colcon_core.verb:set package 'arduinobot' build argument 'cmake_args' from command line to 'None'
[-1791306571042253056.000s] Level 5:colcon.colcon_core.verb:set package 'arduinobot' build argument 'cmake_target' from command line to 'None'
[-1791306571042253056.000s] Level 5:colcon.colcon_core.verb:set package 'arduinobot' build argument 'cmake_target_skip_unavailable' from command line to 'False'
[-1791306571042253056.000s] Level 5:colcon.colcon_core.verb:set package 'arduinobot' build argument 'cmake_clean_cache' from command line to 'False'
[-1791306571042253056.000s] Level 5:colcon.colcon_core.verb:set package 'arduinobot' build argument 'cmake_clean_first' from command line to 'False'
[-1791306571042253056.000s] Level 5:colcon.colcon_core.verb:set package 'arduinobot' build argument 'cmake_force_configure' from command line to 'False'
[-1791306571042253056.000s] Level 5:colcon.colcon_core.verb:set package 'arduinobot' build argument 'ament_cmake_args' from command line to 'None'
[-1791306571042253056.000s] Level 5:colcon.colcon_core.verb:set package 'arduinobot' build argument 'catkin_cmake_args' from command line to 'None'
[-1791306571042253056.000s] Level 5:colcon.colcon_core.verb:set package 'arduinobot' build argument 'catkin_skip_building_tests' from command line to 'False'
[-1791306571042253056.000s] DEBUG:colcon.colcon_core.verb:Building package 'arduinobot' with the following arguments: {'ament_cmake_args': None, 'build_base': '/home/lakindu/arduinobot_ws/build/arduinobot', 'catkin_cmake_args': None, 'catkin_skip_building_tests': False, 'cmake_args': None, 'cmake_clean_cache': False, 'cmake_clean_first': False, 'cmake_force_configure': False, 'cmake_target': None, 'cmake_target_skip_unavailable': False, 'install_base': '/home/lakindu/arduinobot_ws/install/arduinobot', 'merge_install': False, 'path': '/home/lakindu/arduinobot_ws/src/arduinobot', 'symlink_install': False, 'test_result_base': None}
[-1791306571042253056.000s] INFO:colcon.colcon_core.executor:Executing jobs using 'parallel' executor
[-1791306571042253056.000s] DEBUG:colcon.colcon_parallel_executor.executor.parallel:run_until_complete
[-1791306571042253056.000s] INFO:colcon.colcon_ros.task.ament_python.build:Building ROS package in '/home/lakindu/arduinobot_ws/src/arduinobot' with build type 'ament_python'
[-1791306571042253056.000s] Level 1:colcon.colcon_core.shell:create_environment_hook('arduinobot', 'ament_prefix_path')
[-1791306571042253056.000s] INFO:colcon.colcon_core.plugin_system:Skipping extension 'colcon_core.shell.bat': Not used on non-Windows systems
[-1791306571042253056.000s] INFO:colcon.colcon_core.shell:Creating environment hook '/home/lakindu/arduinobot_ws/install/arduinobot/share/arduinobot/hook/ament_prefix_path.ps1'
[-1791306571042253056.000s] INFO:colcon.colcon_core.shell:Creating environment descriptor '/home/lakindu/arduinobot_ws/install/arduinobot/share/arduinobot/hook/ament_prefix_path.dsv'
[-1791306571042253056.000s] INFO:colcon.colcon_core.shell:Creating environment hook '/home/lakindu/arduinobot_ws/install/arduinobot/share/arduinobot/hook/ament_prefix_path.sh'
[-1791306571042253056.000s] INFO:colcon.colcon_core.shell:Skip shell extension 'powershell' for command environment: Not usable outside of PowerShell
[-1791306571042253056.000s] DEBUG:colcon.colcon_core.shell:Skip shell extension 'dsv' for command environment
[-1791306571042253056.000s] INFO:colcon.colcon_core.task.python.build:Building Python package in '/home/lakindu/arduinobot_ws/src/arduinobot'
[-1791306571042253056.000s] INFO:colcon.colcon_core.shell:Skip shell extension 'powershell' for command environment: Not usable outside of PowerShell
[-1791306571042253056.000s] DEBUG:colcon.colcon_core.shell:Skip shell extension 'dsv' for command environment
[-1791306571042253056.000s] DEBUG:colcon.colcon_core.task.python.build:Available setuptools commands: install_headers, update_catalog, develop, install_scripts, init_catalog, build_py, bdist_dumb, dist_info, editable_wheel, build, bdist, egg_info, alias, clean, compile_catalog, bdist_egg, sdist, install_lib, build_ext, build_scripts, install_data, check, extract_messages, bdist_rpm, install, install_egg_info, saveopts, build_clib, rotate, symlink_data, setopt, bdist_wheel, easy_install
[-1791306571042253056.000s] DEBUG:colcon.colcon_core.event_handler.log_command:Invoking command in '/home/lakindu/arduinobot_ws/src/arduinobot': DEBUGINFOD_URLS=https://debuginfod.ubuntu.com PYTHONPATH=/home/lakindu/arduinobot_ws/build/arduinobot/prefix_override:/usr/lib/python3/dist-packages/colcon_core/task/python/colcon_distutils_commands:/home/lakindu/arduinobot_ws/install/arduinobot/lib/python3.14/site-packages:${PYTHONPATH} /usr/bin/python3 -W ignore:setup.py install is deprecated -W ignore:easy_install command is deprecated setup.py egg_info --egg-base ../../build/arduinobot build --build-base /home/lakindu/arduinobot_ws/build/arduinobot/build install --record /home/lakindu/arduinobot_ws/build/arduinobot/install.log --install-scripts $base/lib/arduinobot --single-version-externally-managed install_data
[-1791306571042253056.000s] DEBUG:colcon.colcon_core.event_handler.log_command:Invoked command in '/home/lakindu/arduinobot_ws/src/arduinobot' returned '0': DEBUGINFOD_URLS=https://debuginfod.ubuntu.com PYTHONPATH=/home/lakindu/arduinobot_ws/build/arduinobot/prefix_override:/usr/lib/python3/dist-packages/colcon_core/task/python/colcon_distutils_commands:/home/lakindu/arduinobot_ws/install/arduinobot/lib/python3.14/site-packages:${PYTHONPATH} /usr/bin/python3 -W ignore:setup.py install is deprecated -W ignore:easy_install command is deprecated setup.py egg_info --egg-base ../../build/arduinobot build --build-base /home/lakindu/arduinobot_ws/build/arduinobot/build install --record /home/lakindu/arduinobot_ws/build/arduinobot/install.log --install-scripts $base/lib/arduinobot --single-version-externally-managed install_data
[-1791306571042253056.000s] Level 1:colcon.colcon_core.environment:checking '/home/lakindu/arduinobot_ws/install/arduinobot' for CMake module files
[-1791306571042253056.000s] Level 1:colcon.colcon_core.environment:checking '/home/lakindu/arduinobot_ws/install/arduinobot' for CMake config files
[-1791306571042253056.000s] Level 1:colcon.colcon_core.environment:checking '/home/lakindu/arduinobot_ws/install/arduinobot/lib'
[-1791306571042253056.000s] Level 1:colcon.colcon_core.environment:checking '/home/lakindu/arduinobot_ws/install/arduinobot/bin'
[-1791306571042253056.000s] Level 1:colcon.colcon_core.environment:checking '/home/lakindu/arduinobot_ws/install/arduinobot/lib/pkgconfig/arduinobot.pc'
[-1791306571042253056.000s] Level 1:colcon.colcon_core.environment:checking '/home/lakindu/arduinobot_ws/install/arduinobot/lib/python3.14/site-packages'
[-1791306571042253056.000s] Level 1:colcon.colcon_core.shell:create_environment_hook('arduinobot', 'pythonpath')
[-1791306571042253056.000s] INFO:colcon.colcon_core.shell:Creating environment hook '/home/lakindu/arduinobot_ws/install/arduinobot/share/arduinobot/hook/pythonpath.ps1'
[-1791306571042253056.000s] INFO:colcon.colcon_core.shell:Creating environment descriptor '/home/lakindu/arduinobot_ws/install/arduinobot/share/arduinobot/hook/pythonpath.dsv'
[-1791306571042253056.000s] INFO:colcon.colcon_core.shell:Creating environment hook '/home/lakindu/arduinobot_ws/install/arduinobot/share/arduinobot/hook/pythonpath.sh'
[-1791306571042253056.000s] Level 1:colcon.colcon_core.environment:checking '/home/lakindu/arduinobot_ws/install/arduinobot/bin'
[-1791306571042253056.000s] Level 1:colcon.colcon_core.environment:create_environment_scripts_only(arduinobot)
[-1791306571042253056.000s] INFO:colcon.colcon_core.shell:Creating package script '/home/lakindu/arduinobot_ws/install/arduinobot/share/arduinobot/package.ps1'
[-1791306571042253056.000s] INFO:colcon.colcon_core.shell:Creating package descriptor '/home/lakindu/arduinobot_ws/install/arduinobot/share/arduinobot/package.dsv'
[-1791306571042253056.000s] INFO:colcon.colcon_core.shell:Creating package script '/home/lakindu/arduinobot_ws/install/arduinobot/share/arduinobot/package.sh'
[-1791306571042253056.000s] INFO:colcon.colcon_core.shell:Creating package script '/home/lakindu/arduinobot_ws/install/arduinobot/share/arduinobot/package.bash'
[-1791306571042253056.000s] INFO:colcon.colcon_core.shell:Creating package script '/home/lakindu/arduinobot_ws/install/arduinobot/share/arduinobot/package.zsh'
[-1791306571042253056.000s] Level 1:colcon.colcon_core.environment:create_file_with_runtime_dependencies(/home/lakindu/arduinobot_ws/install/arduinobot/share/colcon-core/packages/arduinobot)
[-1791306571042253056.000s] DEBUG:colcon.colcon_parallel_executor.executor.parallel:closing loop
[-1791306571042253056.000s] DEBUG:colcon.colcon_parallel_executor.executor.parallel:loop closed
[-1791306571042253056.000s] DEBUG:colcon.colcon_parallel_executor.executor.parallel:run_until_complete finished with '0'
[-1791306571042253056.000s] DEBUG:colcon.colcon_core.event_reactor:joining thread
[-1791306571042253056.000s] INFO:colcon.colcon_core.plugin_system:Skipping extension 'colcon_notification.desktop_notification.terminal_notifier': Not used on non-Darwin systems
[-1791306571042253056.000s] INFO:colcon.colcon_core.plugin_system:Skipping extension 'colcon_notification.desktop_notification.win32': Not used on non-Windows systems
[-1791306571042253056.000s] INFO:colcon.colcon_notification.desktop_notification:Sending desktop notification using 'notify2'
[-1791306571042253056.000s] DEBUG:colcon.colcon_core.event_reactor:joined thread
[-1791306571042253056.000s] INFO:colcon.colcon_core.shell:Creating prefix script '/home/lakindu/arduinobot_ws/install/local_setup.ps1'
[-1791306571042253056.000s] INFO:colcon.colcon_core.shell:Creating prefix util module '/home/lakindu/arduinobot_ws/install/_local_setup_util_ps1.py'
[-1791306571042253056.000s] INFO:colcon.colcon_core.shell:Creating prefix chain script '/home/lakindu/arduinobot_ws/install/setup.ps1'
[-1791306571042253056.000s] INFO:colcon.colcon_core.shell:Creating prefix script '/home/lakindu/arduinobot_ws/install/local_setup.sh'
[-1791306571042253056.000s] INFO:colcon.colcon_core.shell:Creating prefix util module '/home/lakindu/arduinobot_ws/install/_local_setup_util_sh.py'
[-1791306571042253056.000s] INFO:colcon.colcon_core.shell:Creating prefix chain script '/home/lakindu/arduinobot_ws/install/setup.sh'
[-1791306571042253056.000s] INFO:colcon.colcon_core.shell:Creating prefix script '/home/lakindu/arduinobot_ws/install/local_setup.bash'
[-1791306571042253056.000s] INFO:colcon.colcon_core.shell:Creating prefix chain script '/home/lakindu/arduinobot_ws/install/setup.bash'
[-1791306571042253056.000s] INFO:colcon.colcon_core.shell:Creating prefix script '/home/lakindu/arduinobot_ws/install/local_setup.zsh'
[-1791306571042253056.000s] INFO:colcon.colcon_core.shell:Creating prefix chain script '/home/lakindu/arduinobot_ws/install/setup.zsh'
