[0.011s] Invoking command in '/home/lakindu/arduinobot_ws/build/arduinobot_description': CMAKE_PREFIX_PATH=${CMAKE_PREFIX_PATH}:/home/lakindu/arduinobot_ws/install/arduinobot_py:/opt/ros/lyrical DEBUGINFOD_URLS=https://debuginfod.ubuntu.com /usr/bin/cmake /home/lakindu/arduinobot_ws/src/arduinobot_description -DCMAKE_INSTALL_PREFIX=/home/lakindu/arduinobot_ws/install/arduinobot_description
[0.022s] -- Found ament_cmake: 2.8.8 (/opt/ros/lyrical/share/ament_cmake/cmake)
[0.180s] -- Override CMake install command with custom implementation using symlinks instead of copying resources
[0.185s] -- Found ament_lint_auto: 0.20.6 (/opt/ros/lyrical/share/ament_lint_auto/cmake)
[0.260s] -- Added test 'lint_cmake' to check CMake code style
[0.261s] -- Added test 'xmllint' to check XML markup files
[0.261s] -- Configuring done (0.2s)
[0.264s] -- Generating done (0.0s)
[0.265s] -- Build files have been written to: /home/lakindu/arduinobot_ws/build/arduinobot_description
[0.267s] Invoked command in '/home/lakindu/arduinobot_ws/build/arduinobot_description' returned '0': CMAKE_PREFIX_PATH=${CMAKE_PREFIX_PATH}:/home/lakindu/arduinobot_ws/install/arduinobot_py:/opt/ros/lyrical DEBUGINFOD_URLS=https://debuginfod.ubuntu.com /usr/bin/cmake /home/lakindu/arduinobot_ws/src/arduinobot_description -DCMAKE_INSTALL_PREFIX=/home/lakindu/arduinobot_ws/install/arduinobot_description
[0.268s] Invoking command in '/home/lakindu/arduinobot_ws/build/arduinobot_description': CMAKE_PREFIX_PATH=${CMAKE_PREFIX_PATH}:/home/lakindu/arduinobot_ws/install/arduinobot_py:/opt/ros/lyrical DEBUGINFOD_URLS=https://debuginfod.ubuntu.com /usr/bin/cmake --build /home/lakindu/arduinobot_ws/build/arduinobot_description -- -j16 -l16
[0.298s] Invoked command in '/home/lakindu/arduinobot_ws/build/arduinobot_description' returned '0': CMAKE_PREFIX_PATH=${CMAKE_PREFIX_PATH}:/home/lakindu/arduinobot_ws/install/arduinobot_py:/opt/ros/lyrical DEBUGINFOD_URLS=https://debuginfod.ubuntu.com /usr/bin/cmake --build /home/lakindu/arduinobot_ws/build/arduinobot_description -- -j16 -l16
[0.305s] Invoking command in '/home/lakindu/arduinobot_ws/build/arduinobot_description': CMAKE_PREFIX_PATH=${CMAKE_PREFIX_PATH}:/home/lakindu/arduinobot_ws/install/arduinobot_py:/opt/ros/lyrical DEBUGINFOD_URLS=https://debuginfod.ubuntu.com /usr/bin/cmake --install /home/lakindu/arduinobot_ws/build/arduinobot_description
[0.309s] -- Install configuration: ""
[0.309s] -- Execute custom install script
[0.309s] -- Up-to-date symlink: /home/lakindu/arduinobot_ws/install/arduinobot_description/share/arduinobot_description/meshes/base_plate.STL
[0.310s] -- Up-to-date symlink: /home/lakindu/arduinobot_ws/install/arduinobot_description/share/arduinobot_description/meshes/basement.STL
[0.310s] -- Up-to-date symlink: /home/lakindu/arduinobot_ws/install/arduinobot_description/share/arduinobot_description/meshes/claw_support.STL
[0.310s] -- Up-to-date symlink: /home/lakindu/arduinobot_ws/install/arduinobot_description/share/arduinobot_description/meshes/forward_drive_arm.STL
[0.310s] -- Up-to-date symlink: /home/lakindu/arduinobot_ws/install/arduinobot_description/share/arduinobot_description/meshes/horizontal_arm.STL
[0.310s] -- Up-to-date symlink: /home/lakindu/arduinobot_ws/install/arduinobot_description/share/arduinobot_description/meshes/left_finger.STL
[0.310s] -- Up-to-date symlink: /home/lakindu/arduinobot_ws/install/arduinobot_description/share/arduinobot_description/meshes/link.STL
[0.310s] -- Up-to-date symlink: /home/lakindu/arduinobot_ws/install/arduinobot_description/share/arduinobot_description/meshes/plate.STL
[0.310s] -- Up-to-date symlink: /home/lakindu/arduinobot_ws/install/arduinobot_description/share/arduinobot_description/meshes/right_finger.STL
[0.310s] -- Up-to-date symlink: /home/lakindu/arduinobot_ws/install/arduinobot_description/share/arduinobot_description/meshes/round_plate.STL
[0.310s] -- Up-to-date symlink: /home/lakindu/arduinobot_ws/install/arduinobot_description/share/arduinobot_description/meshes/servo_plate.STL
[0.310s] -- Up-to-date symlink: /home/lakindu/arduinobot_ws/install/arduinobot_description/share/arduinobot_description/meshes/triangular_link.STL
[0.310s] -- Up-to-date symlink: /home/lakindu/arduinobot_ws/install/arduinobot_description/share/arduinobot_description/meshes/vertical_drive_arm.STL
[0.310s] -- Up-to-date symlink: /home/lakindu/arduinobot_ws/install/arduinobot_description/share/arduinobot_description/urdf/arduinobot.urdf.xacro
[0.310s] -- Up-to-date symlink: /home/lakindu/arduinobot_ws/install/arduinobot_description/share/ament_index/resource_index/package_run_dependencies/arduinobot_description
[0.310s] -- Up-to-date symlink: /home/lakindu/arduinobot_ws/install/arduinobot_description/share/ament_index/resource_index/parent_prefix_path/arduinobot_description
[0.310s] -- Up-to-date symlink: /home/lakindu/arduinobot_ws/install/arduinobot_description/share/arduinobot_description/environment/ament_prefix_path.sh
[0.310s] -- Up-to-date symlink: /home/lakindu/arduinobot_ws/install/arduinobot_description/share/arduinobot_description/environment/ament_prefix_path.dsv
[0.310s] -- Up-to-date symlink: /home/lakindu/arduinobot_ws/install/arduinobot_description/share/arduinobot_description/environment/path.sh
[0.311s] -- Up-to-date symlink: /home/lakindu/arduinobot_ws/install/arduinobot_description/share/arduinobot_description/environment/path.dsv
[0.311s] -- Up-to-date symlink: /home/lakindu/arduinobot_ws/install/arduinobot_description/share/arduinobot_description/local_setup.bash
[0.311s] -- Up-to-date symlink: /home/lakindu/arduinobot_ws/install/arduinobot_description/share/arduinobot_description/local_setup.fish
[0.311s] -- Up-to-date symlink: /home/lakindu/arduinobot_ws/install/arduinobot_description/share/arduinobot_description/local_setup.sh
[0.311s] -- Up-to-date symlink: /home/lakindu/arduinobot_ws/install/arduinobot_description/share/arduinobot_description/local_setup.zsh
[0.311s] -- Up-to-date symlink: /home/lakindu/arduinobot_ws/install/arduinobot_description/share/arduinobot_description/local_setup.dsv
[0.311s] -- Symlinking: /home/lakindu/arduinobot_ws/install/arduinobot_description/share/arduinobot_description/package.dsv
[0.316s] -- Up-to-date symlink: /home/lakindu/arduinobot_ws/install/arduinobot_description/share/ament_index/resource_index/packages/arduinobot_description
[0.317s] -- Up-to-date symlink: /home/lakindu/arduinobot_ws/install/arduinobot_description/share/arduinobot_description/cmake/arduinobot_descriptionConfig.cmake
[0.317s] -- Up-to-date symlink: /home/lakindu/arduinobot_ws/install/arduinobot_description/share/arduinobot_description/cmake/arduinobot_descriptionConfig-version.cmake
[0.317s] -- Up-to-date symlink: /home/lakindu/arduinobot_ws/install/arduinobot_description/share/arduinobot_description/package.xml
[0.318s] Invoked command in '/home/lakindu/arduinobot_ws/build/arduinobot_description' returned '0': CMAKE_PREFIX_PATH=${CMAKE_PREFIX_PATH}:/home/lakindu/arduinobot_ws/install/arduinobot_py:/opt/ros/lyrical DEBUGINFOD_URLS=https://debuginfod.ubuntu.com /usr/bin/cmake --install /home/lakindu/arduinobot_ws/build/arduinobot_description
