running egg_info
creating ../../build/arduinobot_desc/arduinobot_desc.egg-info
writing ../../build/arduinobot_desc/arduinobot_desc.egg-info/PKG-INFO
writing dependency_links to ../../build/arduinobot_desc/arduinobot_desc.egg-info/dependency_links.txt
writing requirements to ../../build/arduinobot_desc/arduinobot_desc.egg-info/requires.txt
writing top-level names to ../../build/arduinobot_desc/arduinobot_desc.egg-info/top_level.txt
writing manifest file '../../build/arduinobot_desc/arduinobot_desc.egg-info/SOURCES.txt'
reading manifest file '../../build/arduinobot_desc/arduinobot_desc.egg-info/SOURCES.txt'
writing manifest file '../../build/arduinobot_desc/arduinobot_desc.egg-info/SOURCES.txt'
running build
running build_py
creating /home/lakindu/arduinobot_ws/build/arduinobot_desc/build/lib/arduinobot_desc
copying arduinobot_desc/__init__.py -> /home/lakindu/arduinobot_ws/build/arduinobot_desc/build/lib/arduinobot_desc
copying arduinobot_desc/py.typed -> /home/lakindu/arduinobot_ws/build/arduinobot_desc/build/lib/arduinobot_desc
running install
running install_lib
creating /home/lakindu/arduinobot_ws/install/arduinobot_desc/lib/python3.14/site-packages/arduinobot_desc
copying /home/lakindu/arduinobot_ws/build/arduinobot_desc/build/lib/arduinobot_desc/py.typed -> /home/lakindu/arduinobot_ws/install/arduinobot_desc/lib/python3.14/site-packages/arduinobot_desc
copying /home/lakindu/arduinobot_ws/build/arduinobot_desc/build/lib/arduinobot_desc/__init__.py -> /home/lakindu/arduinobot_ws/install/arduinobot_desc/lib/python3.14/site-packages/arduinobot_desc
byte-compiling /home/lakindu/arduinobot_ws/install/arduinobot_desc/lib/python3.14/site-packages/arduinobot_desc/__init__.py to __init__.cpython-314.pyc
running install_data
creating /home/lakindu/arduinobot_ws/install/arduinobot_desc/share/ament_index/resource_index/packages
copying resource/arduinobot_desc -> /home/lakindu/arduinobot_ws/install/arduinobot_desc/share/ament_index/resource_index/packages
copying package.xml -> /home/lakindu/arduinobot_ws/install/arduinobot_desc/share/arduinobot_desc
running install_egg_info
Copying ../../build/arduinobot_desc/arduinobot_desc.egg-info to /home/lakindu/arduinobot_ws/install/arduinobot_desc/lib/python3.14/site-packages/arduinobot_desc-0.0.0-py3.14.egg-info
running install_scripts
writing list of installed files to '/home/lakindu/arduinobot_ws/build/arduinobot_desc/install.log'
