running egg_info
writing ../../build/arduinobot/arduinobot.egg-info/PKG-INFO
writing dependency_links to ../../build/arduinobot/arduinobot.egg-info/dependency_links.txt
writing entry points to ../../build/arduinobot/arduinobot.egg-info/entry_points.txt
writing requirements to ../../build/arduinobot/arduinobot.egg-info/requires.txt
writing top-level names to ../../build/arduinobot/arduinobot.egg-info/top_level.txt
reading manifest file '../../build/arduinobot/arduinobot.egg-info/SOURCES.txt'
writing manifest file '../../build/arduinobot/arduinobot.egg-info/SOURCES.txt'
running build
running build_py
copying arduinobot/__init__.py -> /home/lakindu/arduinobot_ws/build/arduinobot/build/lib/arduinobot
copying arduinobot/simple_publisher.py -> /home/lakindu/arduinobot_ws/build/arduinobot/build/lib/arduinobot
running install
running install_lib
copying /home/lakindu/arduinobot_ws/build/arduinobot/build/lib/arduinobot/simple_publisher.py -> /home/lakindu/arduinobot_ws/install/arduinobot/lib/python3.14/site-packages/arduinobot
byte-compiling /home/lakindu/arduinobot_ws/install/arduinobot/lib/python3.14/site-packages/arduinobot/simple_publisher.py to simple_publisher.cpython-314.pyc
running install_data
copying resource/arduinobot -> /home/lakindu/arduinobot_ws/install/arduinobot/share/ament_index/resource_index/packages
copying package.xml -> /home/lakindu/arduinobot_ws/install/arduinobot/share/arduinobot
running install_egg_info
removing '/home/lakindu/arduinobot_ws/install/arduinobot/lib/python3.14/site-packages/arduinobot-0.0.0-py3.14.egg-info' (and everything under it)
Copying ../../build/arduinobot/arduinobot.egg-info to /home/lakindu/arduinobot_ws/install/arduinobot/lib/python3.14/site-packages/arduinobot-0.0.0-py3.14.egg-info
running install_scripts
Installing simple_publisher script to /home/lakindu/arduinobot_ws/install/arduinobot/lib/arduinobot
writing list of installed files to '/home/lakindu/arduinobot_ws/build/arduinobot/install.log'
